[offer.maasbath.com/maasbath/pillow/en/us/int1cro16728.html]
[backblue.gif]
[fade.gif]
[index.html]
[offer.maasbath.com/maasbath/pillow/en/us/images/favicon.ico]
[offer.maasbath.com/maasbath/pillow/en/us/images/floating_banner.png]
[offer.maasbath.com/maasbath/pillow/en/us/css/font-awesome.min.css]
[offer.maasbath.com/maasbath/pillow/en/us/css/intcro.css]
[offer.maasbath.com/maasbath/pillow/en/us/css/black-banner.css]
[offer.maasbath.com/maasbath/pillow/en/us/css/green-banner.css]
[offer.maasbath.com/maasbath/pillow/en/us/GET]
[offer.maasbath.com/maasbath/pillow/en/us/images/logo.png]
[offer.maasbath.com/maasbath/pillow/en/us/images/bnr-prod-mob.jpg]
[offer.maasbath.com/maasbath/pillow/en/us/images/strip-icn.png]
[offer.maasbath.com/maasbath/pillow/en/us/images/btn-arw.png]
[offer.maasbath.com/maasbath/pillow/en/us/images/bnr-star.png]
[offer.maasbath.com/maasbath/pillow/en/us/images/low-indt.png]
[offer.maasbath.com/maasbath/pillow/en/us/images/banner-product.png]
[offer.maasbath.com/maasbath/pillow/en/us/images/prms-icn1.png]
[offer.maasbath.com/maasbath/pillow/en/us/images/prms-icn2.png]
[offer.maasbath.com/maasbath/pillow/en/us/images/prms-icn3.png]
[offer.maasbath.com/maasbath/pillow/en/us/images/prms-icn4.png]
[offer.maasbath.com/maasbath/pillow/en/us/images/prms-icn5.png]
[offer.maasbath.com/maasbath/pillow/en/us/images/s1-product.png]
[offer.maasbath.com/maasbath/pillow/en/us/images/s1-product-mob.jpg]
[offer.maasbath.com/maasbath/pillow/en/us/images/s2-bx-icn1.png]
[offer.maasbath.com/maasbath/pillow/en/us/images/s2-box-img4.jpg]
[offer.maasbath.com/maasbath/pillow/en/us/images/s2-bx-icn2.png]
[offer.maasbath.com/maasbath/pillow/en/us/images/s2-box-img1.jpg]
[offer.maasbath.com/maasbath/pillow/en/us/images/s2-bx-icn4.png]
[offer.maasbath.com/maasbath/pillow/en/us/images/s2-box-img2.jpg]
[offer.maasbath.com/maasbath/pillow/en/us/images/s2-bx-icn3.png]
[offer.maasbath.com/maasbath/pillow/en/us/images/s2-box-img3.jpg]
[offer.maasbath.com/maasbath/pillow/en/us/images/adtn-ftr-icn3.png]
[offer.maasbath.com/maasbath/pillow/en/us/images/adtn-ftr-icn2.png]
[offer.maasbath.com/maasbath/pillow/en/us/images/adtn-ftr-icn1.png]
[offer.maasbath.com/maasbath/pillow/en/us/images/s3-image.jpg]
[offer.maasbath.com/maasbath/pillow/en/us/images/s3-image-mob.jpg]
[offer.maasbath.com/maasbath/pillow/en/us/images/vrfy-seal.png]
[offer.maasbath.com/maasbath/pillow/en/us/images/t-prod1.png]
[offer.maasbath.com/maasbath/pillow/en/us/js/jquery-1.12.4.min.js]
[offer.maasbath.com/maasbath/pillow/en/us/js/jquery-3.5.1.min.js]
[offer.maasbath.com/maasbath/pillow/en/us/js/slick.js]
[offer.maasbath.com/maasbath/pillow/en/us/js/campaign.js]
[offer.maasbath.com/maasbath/pillow/en/us/js/black-friday-countdown.js]
[offer.maasbath.com/maasbath/pillow/en/us/int1cro16728.html]
[offer.maasbath.com/maasbath/pillow/en/us/fonts/fontawesome-webfont.eot]
[offer.maasbath.com/maasbath/pillow/en/us/fonts/fontawesome-webfont.woff2]
[offer.maasbath.com/maasbath/pillow/en/us/fonts/fontawesome-webfont_1.eot]
[offer.maasbath.com/maasbath/pillow/en/us/fonts/fontawesome-webfont.woff]
[offer.maasbath.com/maasbath/pillow/en/us/fonts/fontawesome-webfont.ttf]
[offer.maasbath.com/maasbath/pillow/en/us/css/font-awesome.min.css]
[offer.maasbath.com/maasbath/pillow/en/us/fonts/AvenirNextLTPro-Bold.woff2]
[offer.maasbath.com/maasbath/pillow/en/us/images/fontawesome-webfont.svg]
[offer.maasbath.com/maasbath/pillow/en/us/fonts/AvenirNextLTPro-Regular.woff2]
[offer.maasbath.com/maasbath/pillow/en/us/fonts/AvenirNextLTPro-Bold.woff]
[offer.maasbath.com/maasbath/pillow/en/us/fonts/AvenirNextLTPro-Regular.woff]
[offer.maasbath.com/maasbath/pillow/en/us/fonts/AvenirNextLTPro-Demi.woff2]
[offer.maasbath.com/maasbath/pillow/en/us/fonts/AvenirNextLTPro-Demi.woff]
[offer.maasbath.com/maasbath/pillow/en/us/fonts/AvenirNextLTPro-It.woff2]
[offer.maasbath.com/maasbath/pillow/en/us/fonts/AvenirNextLTPro-It.woff]
[offer.maasbath.com/maasbath/pillow/en/us/images/banner.jpg]
[offer.maasbath.com/maasbath/pillow/en/us/images/banner-chk.png]
[offer.maasbath.com/maasbath/pillow/en/us/images/s1-bg1.jpg]
[offer.maasbath.com/maasbath/pillow/en/us/images/s1-mid-bg.jpg]
[offer.maasbath.com/maasbath/pillow/en/us/images/head-line1.png]
[offer.maasbath.com/maasbath/pillow/en/us/images/add-ftr-lin.png]
[offer.maasbath.com/maasbath/pillow/en/us/images/head-line.png]
[offer.maasbath.com/maasbath/pillow/en/us/images/close-btn.png]
[offer.maasbath.com/maasbath/pillow/en/us/images/open-btn.png]
[offer.maasbath.com/maasbath/pillow/en/us/images/s1-mid-bg-m.jpg]
[offer.maasbath.com/maasbath/pillow/en/us/css/intcro.css]
[offer.maasbath.com/maasbath/pillow/en/us/css/black-banner.css]
[offer.maasbath.com/maasbath/pillow/en/us/css/green-banner.css]
[offer.maasbath.com/maasbath/pillow/en/us/GET.html]
[offer.maasbath.com/maasbath/pillow/en/us/images/fontawesome-webfont.svg]
